// Jest Snapshot v1, https://goo.gl/fbAQLP

exports[`QuizResultModal renders correctly 1`] = `
<DocumentFragment>
   
</DocumentFragment>
`;
