// Jest Snapshot v1, https://goo.gl/fbAQLP

exports[`NavBar renders correctly 1`] = `
<DocumentFragment>
  <div
    class="makeStyles-root-1"
  >
    <header
      class="MuiPaper-root MuiAppBar-root MuiAppBar-positionFixed MuiAppBar-colorSecondary makeStyles-appBar-2 mui-fixed MuiPaper-elevation4"
    >
      <div
        class="MuiToolbar-root MuiToolbar-regular MuiToolbar-gutters"
      >
        <button
          aria-label="open drawer"
          class="MuiButtonBase-root MuiIconButton-root makeStyles-menuButton-4 MuiIconButton-colorInherit MuiIconButton-edgeStart"
          tabindex="0"
          type="button"
        >
          <span
            class="MuiIconButton-label"
          >
            <svg
              fill="currentColor"
              height="1em"
              stroke="currentColor"
              stroke-width="0"
              viewBox="0 0 512 512"
              width="1em"
              xmlns="http://www.w3.org/2000/svg"
            >
              <path
                d="M64 384h384v-42.666H64V384zm0-106.666h384v-42.667H64v42.667zM64 128v42.665h384V128H64z"
              />
            </svg>
          </span>
          <span
            class="MuiTouchRipple-root"
          />
        </button>
        <h6
          class="MuiTypography-root MuiTypography-h6 MuiTypography-noWrap"
        >
          <a
            class="makeStyles-link-6"
            href="/"
          >
            iZsk Covid Tracker
          </a>
        </h6>
      </div>
    </header>
  </div>
   
</DocumentFragment>
`;
