// Jest Snapshot v1, https://goo.gl/fbAQLP

exports[`SignUp renders correctly 1`] = `
<DocumentFragment>
  <div
    class="MuiBox-root MuiBox-root-8 makeStyles-mainContainer-1"
  >
    <div
      class="_28vIk _2bGnb _2Xmdp _1SFBz makeStyles-card-9"
    >
      <div
        class="_2So3v _2uw1B makeStyles-cardContentStyle-3"
      >
        <svg
          enable-background="new 0 0 48 48"
          fill="currentColor"
          height="70"
          size="70"
          stroke="currentColor"
          stroke-width="0"
          version="1"
          viewBox="0 0 48 48"
          width="70"
          xmlns="http://www.w3.org/2000/svg"
        >
          <circle
            cx="24"
            cy="22"
            fill="#FFF59D"
            r="20"
          />
          <path
            d="M37,22c0-7.7-6.6-13.8-14.5-12.9c-6,0.7-10.8,5.5-11.4,11.5c-0.5,4.6,1.4,8.7,4.6,11.3 c1.4,1.2,2.3,2.9,2.3,4.8V37h12v-0.1c0-1.8,0.8-3.6,2.2-4.8C35.1,29.7,37,26.1,37,22z"
            fill="#FBC02D"
          />
          <path
            d="M30.6,20.2l-3-2c-0.3-0.2-0.8-0.2-1.1,0L24,19.8l-2.4-1.6c-0.3-0.2-0.8-0.2-1.1,0l-3,2 c-0.2,0.2-0.4,0.4-0.4,0.7s0,0.6,0.2,0.8l3.8,4.7V37h2V26c0-0.2-0.1-0.4-0.2-0.6l-3.3-4.1l1.5-1l2.4,1.6c0.3,0.2,0.8,0.2,1.1,0 l2.4-1.6l1.5,1l-3.3,4.1C25.1,25.6,25,25.8,25,26v11h2V26.4l3.8-4.7c0.2-0.2,0.3-0.5,0.2-0.8S30.8,20.3,30.6,20.2z"
            fill="#FFF59D"
          />
          <circle
            cx="24"
            cy="44"
            fill="#5C6BC0"
            r="3"
          />
          <path
            d="M26,45h-4c-2.2,0-4-1.8-4-4v-5h12v5C30,43.2,28.2,45,26,45z"
            fill="#9FA8DA"
          />
          <g
            fill="#5C6BC0"
          >
            <path
              d="M30,41l-11.6,1.6c0.3,0.7,0.9,1.4,1.6,1.8l9.4-1.3C29.8,42.5,30,41.8,30,41z"
            />
            <polygon
              points="18,38.7 18,40.7 30,39 30,37"
            />
          </g>
        </svg>
        <h6
          class="_3yPwv _2wZct _11JjB _1uvOH makeStyles-header-7"
        >
          Ready to take the challenge !!!
        </h6>
        <div
          class="_2xbD- makeStyles-inputContainer-2"
        >
          <div
            class="_fWLwS"
          >
            <input
              class="_U6nBC _2nHt_ "
              id="_50346_"
              placeholder="Enter your nick name"
              style="width: 400px; min-height: undefinedpx;"
              type="text"
              value=""
            />
            <div
              class="_3t8tT"
            >
              <div
                class="_3yPwv _2HbLl _1QRSN _1uvOH _2Lw0g"
              />
            </div>
          </div>
        </div>
        <div
          class="_2xbD- makeStyles-inputContainer-2"
        >
          <div
            class="_fWLwS"
          >
            <input
              class="_U6nBC _2nHt_ "
              id="_33100_"
              placeholder="Enter your email"
              style="width: 400px; min-height: undefinedpx;"
              type="text"
              value=""
            />
            <div
              class="_3t8tT"
            >
              <div
                class="_3yPwv _2HbLl _1QRSN _1uvOH _2Lw0g"
              />
            </div>
          </div>
        </div>
        <div
          class="_2xbD- makeStyles-inputContainer-2"
        >
          <div
            class="_fWLwS"
          >
            <input
              class="_U6nBC _2nHt_ "
              id="_67264_"
              placeholder="Enter your password"
              style="width: 400px; min-height: undefinedpx;"
              type="password"
              value=""
            />
            <div
              class="_3t8tT"
            >
              <div
                class="_3yPwv _2HbLl _1QRSN _1uvOH _2Lw0g"
              />
            </div>
          </div>
        </div>
        <div
          class="_2xbD- makeStyles-inputContainer-2"
        >
          <div
            class="_fWLwS"
          >
            <input
              class="_U6nBC _2nHt_ "
              id="_03513_"
              placeholder="Re type your password"
              style="width: 400px; min-height: undefinedpx;"
              type="password"
              value=""
            />
            <div
              class="_3t8tT"
            >
              <div
                class="_3yPwv _2HbLl _1QRSN _1uvOH _2Lw0g"
              />
            </div>
          </div>
        </div>
      </div>
      <div
        class="_qCt7a _1l5Ig makeStyles-btnContainer-4"
      >
        <a
          class="makeStyles-link-6"
          href="/login"
        >
          <div
            class="_cL4RU _17_OS  _3W7Om _CWiZp _39_ND makeStyles-btn-5"
            style="color: rgb(33, 150, 243);"
          >
            <button
              class="_3lLt8"
            >
              Login
            </button>
          </div>
        </a>
        <div
          class="_cL4RU _17_OS  _3W7Om _CWiZp _39_ND makeStyles-btn-5"
          style="color: rgb(238, 252, 243); background-color: rgb(33, 150, 243);"
        >
          <button
            class="_3lLt8"
          >
            Sign Up
          </button>
        </div>
      </div>
    </div>
  </div>
   
</DocumentFragment>
`;
