// Jest Snapshot v1, https://goo.gl/fbAQLP

exports[`App renders correctly 1`] = `
<DocumentFragment>
  <div
    class="makeStyles-root-1"
  >
    <header
      class="MuiPaper-root MuiAppBar-root MuiAppBar-positionFixed MuiAppBar-colorPrimary makeStyles-appBar-2 mui-fixed MuiPaper-elevation4"
    >
      <div
        class="MuiToolbar-root MuiToolbar-regular MuiToolbar-gutters"
      >
        <button
          aria-label="open drawer"
          class="MuiButtonBase-root MuiIconButton-root makeStyles-menuButton-4 MuiIconButton-colorInherit MuiIconButton-edgeStart"
          tabindex="0"
          type="button"
        >
          <span
            class="MuiIconButton-label"
          >
            <svg
              fill="currentColor"
              height="1em"
              stroke="currentColor"
              stroke-width="0"
              viewBox="0 0 512 512"
              width="1em"
              xmlns="http://www.w3.org/2000/svg"
            >
              <path
                d="M64 384h384v-42.666H64V384zm0-106.666h384v-42.667H64v42.667zM64 128v42.665h384V128H64z"
              />
            </svg>
          </span>
        </button>
        <h6
          class="MuiTypography-root MuiTypography-h6"
        >
          <a
            class="makeStyles-link-6"
            href="/"
          >
            iZsk Quiz
          </a>
        </h6>
      </div>
    </header>
  </div>
  <div
    class="makeStyles-loaderContainer-13"
  >
    <div
      aria-valuemax="100"
      aria-valuemin="0"
      aria-valuenow="0"
      class="__234s  _2YVD0 _NijRA "
      id="_73635_"
      role="progressbar"
      style="width: 109px; height: 109px;"
    >
      <div
        class="_1QMv-"
        style="width: 100px; height: 100px; transform: translate3d(-50%, -50%, 0) rotate(0deg);"
      >
        <svg
          class="_2vn3-"
          viewBox="55.55555555555556 55.55555555555556 111.11111111111111 111.11111111111111"
          xmlns="http://www.w3.org/2000/svg"
        >
          <circle
            class="_53Md9"
            cx="111.11111111111111"
            cy="111.11111111111111"
            r="50"
            style="stroke-width: 10; stroke-dasharray: 314.159; stroke-dashoffset: 314.1592653589793;"
          />
        </svg>
      </div>
      <div
        class="_3Jx6J"
        style="width: 105px; height: 105px;"
      />
      <div
        class="_1iTMT"
        style="width: 74px; height: 74px;"
      />
      <label
        class="_2hjq3"
        style="font-size: 30px;"
      />
    </div>
  </div>
   
</DocumentFragment>
`;
